// Vitest Snapshot v1, https://vitest.dev/guide/snapshot.html

exports[`settingsSelectors > currentSettings > should merge DEFAULT_SETTINGS and s.settings correctly 1`] = `
{
  "avatar": "avatar.jpg",
  "defaultAgent": {
    "config": {
      "autoCreateTopicThreshold": 2,
      "displayMode": "chat",
      "enableAutoCreateTopic": true,
      "historyCount": 1,
      "model": "gpt-3.5-turbo",
      "params": {
        "frequency_penalty": 0,
        "presence_penalty": 0,
        "temperature": 0.6,
        "top_p": 1,
      },
      "plugins": [],
      "systemRole": "",
      "tts": {
        "showAllLocaleVoice": false,
        "sttLocale": "auto",
        "ttsService": "openai",
        "voice": {
          "openai": "alloy",
        },
      },
    },
    "meta": {
      "avatar": "Default Agent",
      "description": "Default agent for testing",
    },
  },
  "fontSize": 14,
  "language": "en-US",
  "languageModel": {
    "openAI": {
      "OPENAI_API_KEY": "openai-api-key",
      "customModelName": undefined,
      "endpoint": "https://openai-endpoint.com",
      "models": [
        "gpt-3.5-turbo",
      ],
    },
  },
  "neutralColor": "sand",
  "password": "password123",
  "primaryColor": "blue",
  "themeMode": "light",
  "tts": {
    "openAI": {
      "sttModel": "whisper-1",
      "ttsModel": "tts-1",
    },
    "sttAutoStop": true,
    "sttServer": "openai",
  },
}
`;
